Jul-27 12:43:55.820 [main] DEBUG nextflow.cli.Launcher - $> nextflow run main_tt.nf -resume
Jul-27 12:43:56.215 [main] DEBUG nextflow.cli.CmdRun - N E X T F L O W  ~  version 26.04.6
Jul-27 12:43:56.316 [main] DEBUG nextflow.plugin.PluginsFacade - Setting up plugin manager > mode=prod; embedded=false; plugins-dir=/Users/stb1132/.nextflow/plugins; core-plugins: nf-amazon@3.9.2,nf-azure@1.22.6,nf-cloudcache@0.6.0,nf-codecommit@0.5.3,nf-console@1.3.0,nf-google@1.27.3,nf-k8s@1.5.4,nf-seqera@0.21.1,nf-tower@1.28.2,nf-wave@1.21.0
Jul-27 12:43:56.404 [main] INFO  o.pf4j.DefaultPluginStatusProvider - Enabled plugins: []
Jul-27 12:43:56.406 [main] INFO  o.pf4j.DefaultPluginStatusProvider - Disabled plugins: []
Jul-27 12:43:56.413 [main] INFO  org.pf4j.DefaultPluginManager - PF4J version 3.14.1 in 'deployment' mode
Jul-27 12:43:56.456 [main] DEBUG nextflow.util.RetryConfig - Missing nextflow session - using default retry config
Jul-27 12:43:57.175 [main] DEBUG nextflow.plugin.PluginUpdater - Using plugin repository: HttpPluginRepository [registry]; url=https://registry.nextflow.io/api
Jul-27 12:43:57.186 [main] INFO  org.pf4j.AbstractPluginManager - No plugins
Jul-27 12:43:57.256 [main] DEBUG nextflow.config.ConfigBuilder - Found config local: /Users/stb1132/Desktop/RNA-seq-analysis/nextflow.config
Jul-27 12:43:57.261 [main] DEBUG nextflow.config.ConfigBuilder - Parsing config file: /Users/stb1132/Desktop/RNA-seq-analysis/nextflow.config
Jul-27 12:43:57.272 [main] DEBUG nextflow.config.ConfigParserFactory - Using config parser v2
Jul-27 12:43:57.327 [main] DEBUG nextflow.config.ConfigBuilder - Applying config profile: `standard`
Jul-27 12:43:58.471 [main] DEBUG nextflow.plugin.PluginsFacade - Plugins default=[]
Jul-27 12:43:58.472 [main] DEBUG nextflow.plugin.PluginsFacade - Plugins resolved requirement=[]
Jul-27 12:43:58.527 [main] DEBUG n.secret.LocalSecretsProvider - Secrets store: /Users/stb1132/.nextflow/secrets/store.json
Jul-27 12:43:58.541 [main] DEBUG nextflow.secret.SecretsLoader - Discovered secrets providers: [nextflow.secret.LocalSecretsProvider@58f39564] - activable => nextflow.secret.LocalSecretsProvider@58f39564
Jul-27 12:43:58.592 [main] DEBUG nextflow.cli.CmdRun - Launching `main_tt.nf` [ecstatic_torvalds] - revision: e1cce6f9b2
Jul-27 12:43:58.918 [main] DEBUG nextflow.Session - Session UUID: d327f677-5bef-42a4-a06b-d7c43e0d8844
Jul-27 12:43:58.919 [main] DEBUG nextflow.Session - Run name: ecstatic_torvalds
Jul-27 12:43:58.920 [main] DEBUG nextflow.Session - Executor pool size: 4
Jul-27 12:43:58.947 [main] DEBUG nextflow.file.FilePorter - File porter settings maxRetries=3; maxTransfers=50; pollTimeout=null
Jul-27 12:43:58.961 [main] DEBUG nextflow.util.ThreadPoolBuilder - Creating thread pool 'FileTransfer' minSize=10; maxSize=12; workQueue=LinkedBlockingQueue[-1]; allowCoreThreadTimeout=false
Jul-27 12:43:59.057 [main] DEBUG nextflow.cli.CmdRun - 
  Version: 26.04.6 build 12646
  Created: 09-07-2026 18:49 UTC (20:49 CEST)
  System: Mac OS X 15.7.4
  Runtime: Groovy 4.0.31 on OpenJDK 64-Bit Server VM 25.0.2
  Encoding: UTF-8 (UTF-8)
  Process: 24970@Cesures.local [127.0.0.1]
  CPUs: 4 - Mem: 8 GB (30.9 MB) - Swap: 9 GB (1.7 GB)
Jul-27 12:43:59.118 [main] DEBUG nextflow.Session - Work-dir: /Users/stb1132/Desktop/RNA-seq-analysis/work [Mac OS X]
Jul-27 12:43:59.190 [main] DEBUG nextflow.executor.ExecutorFactory - Extension executors providers=[]
Jul-27 12:43:59.223 [main] DEBUG nextflow.Session - Observer factory (v2): LinObserverFactory
Jul-27 12:43:59.228 [main] DEBUG nextflow.Session - Observer factory (v2): DefaultObserverFactory
Jul-27 12:43:59.321 [main] DEBUG nextflow.cache.CacheFactory - Using Nextflow cache factory: nextflow.cache.DefaultCacheFactory
Jul-27 12:43:59.350 [main] DEBUG nextflow.util.CustomThreadPool - Creating default thread pool > poolSize: 5; maxThreads: 1000
Jul-27 12:43:59.574 [main] DEBUG nextflow.Session - Session start
Jul-27 12:43:59.593 [main] DEBUG nextflow.script.ScriptLoaderFactory - Using script parser v2
Jul-27 12:44:01.170 [main] DEBUG nextflow.script.ScriptRunner - > Launching execution
Jul-27 12:44:01.979 [main] DEBUG nextflow.executor.ExecutorFactory - << taskConfig executor: local
Jul-27 12:44:01.979 [main] DEBUG nextflow.executor.ExecutorFactory - >> processorType: 'local'
Jul-27 12:44:02.051 [main] DEBUG nextflow.executor.Executor - [warm up] executor > local
Jul-27 12:44:02.084 [main] DEBUG n.processor.LocalPollingMonitor - Creating local task monitor for executor 'local' > cpus=4; memory=8 GB; capacity=4; pollInterval=100ms; dumpInterval=5m
Jul-27 12:44:02.090 [main] DEBUG n.processor.TaskPollingMonitor - >>> barrier register (monitor: local)
Jul-27 12:44:02.318 [main] DEBUG nextflow.processor.TaskProcessor - Creating process 'PREPARE_HISAT2_INDEX': maxForks=0; fair=false; array=0
Jul-27 12:44:02.580 [main] DEBUG nextflow.executor.ExecutorFactory - << taskConfig executor: local
Jul-27 12:44:02.580 [main] DEBUG nextflow.executor.ExecutorFactory - >> processorType: 'local'
Jul-27 12:44:02.583 [main] DEBUG nextflow.processor.TaskProcessor - Creating process 'DOWNLOAD_SRA': maxForks=0; fair=false; array=0
Jul-27 12:44:02.608 [main] DEBUG nextflow.executor.ExecutorFactory - << taskConfig executor: local
Jul-27 12:44:02.611 [main] DEBUG nextflow.executor.ExecutorFactory - >> processorType: 'local'
Jul-27 12:44:02.654 [main] DEBUG nextflow.processor.TaskProcessor - Creating process 'FASTQC': maxForks=0; fair=false; array=0
Jul-27 12:44:02.665 [main] DEBUG nextflow.executor.ExecutorFactory - << taskConfig executor: local
Jul-27 12:44:02.665 [main] DEBUG nextflow.executor.ExecutorFactory - >> processorType: 'local'
Jul-27 12:44:02.666 [main] DEBUG nextflow.processor.TaskProcessor - Creating process 'ALIGN_HISAT2': maxForks=0; fair=false; array=0
Jul-27 12:44:02.707 [main] DEBUG nextflow.Session - Process names: FASTQC, DOWNLOAD_SRA, ALIGN_HISAT2, PREPARE_HISAT2_INDEX
Jul-27 12:44:02.714 [main] DEBUG nextflow.Session - Igniting dataflow network (6)
Jul-27 12:44:02.738 [PathVisitor-1] DEBUG nextflow.file.FileHelper - Detected required plugin 'nf-amazon'
Jul-27 12:44:02.744 [main] DEBUG nextflow.processor.TaskProcessor - Starting process > PREPARE_HISAT2_INDEX
Jul-27 12:44:02.744 [PathVisitor-1] DEBUG nextflow.plugin.PluginUpdater - Installing plugin nf-amazon version: 3.9.2
Jul-27 12:44:02.746 [main] DEBUG nextflow.processor.TaskProcessor - Starting process > DOWNLOAD_SRA
Jul-27 12:44:02.747 [main] DEBUG nextflow.processor.TaskProcessor - Starting process > FASTQC
Jul-27 12:44:02.748 [main] DEBUG nextflow.processor.TaskProcessor - Starting process > ALIGN_HISAT2
Jul-27 12:44:02.749 [main] DEBUG nextflow.script.ScriptRunner - Parsed script files:
  Main: /Users/stb1132/Desktop/RNA-seq-analysis/main_tt.nf
Jul-27 12:44:02.749 [main] DEBUG nextflow.script.ScriptRunner - > Awaiting termination 
Jul-27 12:44:02.750 [main] DEBUG nextflow.Session - Session await
Jul-27 12:44:02.995 [PathVisitor-1] INFO  org.pf4j.AbstractPluginManager - Plugin 'nf-amazon@3.9.2' resolved
Jul-27 12:44:02.996 [PathVisitor-1] INFO  org.pf4j.AbstractPluginManager - Start plugin 'nf-amazon@3.9.2'
Jul-27 12:44:03.454 [PathVisitor-1] DEBUG nextflow.plugin.BasePlugin - Plugin started nf-amazon@3.9.2
Jul-27 12:44:03.497 [PathVisitor-1] DEBUG nextflow.file.FileHelper - > Added 'S3FileSystemProvider' to list of installed providers [s3]
Jul-27 12:44:03.498 [PathVisitor-1] DEBUG nextflow.file.FileHelper - Started plugin 'nf-amazon' required to handle file: s3://genome-idx/hisat/grch38_genome.tar.gz
Jul-27 12:44:03.526 [PathVisitor-1] DEBUG nextflow.file.FileHelper - Creating a file system instance for provider: S3FileSystemProvider; config=[:]
Jul-27 12:44:03.574 [PathVisitor-1] DEBUG nextflow.cloud.aws.config.AwsConfig - AWS S3 config properties: {max_error_retry=5}
Jul-27 12:44:03.808 [Task submitter] DEBUG n.executor.local.LocalTaskHandler - Launch cmd line: /bin/bash -ue .command.run
Jul-27 12:44:03.814 [Task submitter] INFO  nextflow.Session - [2a/994e5f] Submitted process > DOWNLOAD_SRA (SRR5223500)
Jul-27 12:44:09.041 [FileTransfer-1] DEBUG nextflow.file.FilePorter - Copying foreign file s3://genome-idx/hisat/grch38_genome.tar.gz to work dir: /Users/stb1132/Desktop/RNA-seq-analysis/work/stage-d327f677-5bef-42a4-a06b-d7c43e0d8844/cd/a55b626b2b982a2068b120cbca9209/grch38_genome.tar.gz
Jul-27 12:44:09.209 [FileTransfer-1] DEBUG n.cloud.aws.nio.S3FileSystemProvider - S3 download file from=s3://genome-idx/hisat/grch38_genome.tar.gz to=/Users/stb1132/Desktop/RNA-seq-analysis/work/stage-d327f677-5bef-42a4-a06b-d7c43e0d8844/cd/a55b626b2b982a2068b120cbca9209/grch38_genome.tar.gz size=4210306865
Jul-27 12:44:09.228 [FileTransfer-1] DEBUG nextflow.util.ThreadPoolBuilder - Creating thread pool 'S3TransferManager' minSize=10; maxSize=12; workQueue=LinkedBlockingQueue[-1]; allowCoreThreadTimeout=false
Jul-27 12:44:11.046 [Actor Thread 5] INFO  nextflow.file.FilePorter - Staging foreign file: s3://genome-idx/hisat/grch38_genome.tar.gz
Jul-27 12:44:23.545 [SIGINT handler] DEBUG nextflow.Session - Session aborted -- Cause: SIGINT
Jul-27 12:44:23.579 [Task monitor] DEBUG n.processor.TaskPollingMonitor - <<< barrier arrives (monitor: local) - terminating tasks monitor poll loop
Jul-27 12:44:23.874 [SIGINT handler] INFO  nextflow.Session - Adieu
